---
source: src/cli/generate.rs
expression: render_methods(&sample_options(&signatures))
---
    public function DemoName(): string
    {
        return \Pnlx\Util::cString($this->__call('DemoName', func_get_args()));
    }

    public function demo_name(): string
    {
        return \Pnlx\Util::cString($this->__call('demo_name', func_get_args()));
    }

    public function DemoAdd(int $left, int $right): int
    {
        return (int) $this->__call('DemoAdd', func_get_args());
    }

    public function demo_add(int $left, int $right): int
    {
        return (int) $this->__call('demo_add', func_get_args());
    }

    public function DemoLog(string|\FFI\CData|null $message): void
    {
        $this->__call('DemoLog', func_get_args());
    }

    public function demo_log(string|\FFI\CData|null $message): void
    {
        $this->__call('demo_log', func_get_args());
    }

    public function DemoScale(float $value, int $factor): float
    {
        return (float) $this->__call('DemoScale', func_get_args());
    }

    public function demo_scale(float $value, int $factor): float
    {
        return (float) $this->__call('demo_scale', func_get_args());
    }
