---
source: src/cli/generate.rs
expression: render_bridge_cdef(&sample_signatures())
---
typedef unsigned long size_t;
typedef signed long ssize_t;

const char * pnlx_bridge_demo_name(void);
int pnlx_bridge_demo_add(int left, int right);
void pnlx_bridge_demo_log(const char * message);
double pnlx_bridge_demo_scale(double value, int factor);
