---
source: src/cli/generate.rs
assertion_line: 558
expression: render_global_functions(&sample_options(&signatures))
---
if (!function_exists('Pnlx\\Func\\Demo\\demo_name')) {
    function demo_name(): string|\Pnlx\Helpers\String_
    {
        return $GLOBALS['runtime_afd48edc8ebb6044ac204b321679e7d05a321b511df2be292ee963592757625f']->{'demo_name'}(...func_get_args());
    }
}

if (!function_exists('Pnlx\\Func\\Demo\\demo_add')) {
    function demo_add(int|\Pnlx\Helpers\AnySizeInteger|\FFI\CData $left, int|\Pnlx\Helpers\AnySizeInteger|\FFI\CData $right): int|\Pnlx\Helpers\Int_
    {
        return $GLOBALS['runtime_afd48edc8ebb6044ac204b321679e7d05a321b511df2be292ee963592757625f']->{'demo_add'}(...func_get_args());
    }
}

if (!function_exists('Pnlx\\Func\\Demo\\demo_log')) {
    function demo_log(string|\Pnlx\Helpers\String_|\Stringable|null|\FFI\CData $message): void
    {
        $GLOBALS['runtime_afd48edc8ebb6044ac204b321679e7d05a321b511df2be292ee963592757625f']->{'demo_log'}(...func_get_args());
    }
}

if (!function_exists('Pnlx\\Func\\Demo\\demo_scale')) {
    function demo_scale(float|int|\Pnlx\Helpers\AnyFloat|\FFI\CData $value, int|\Pnlx\Helpers\AnySizeInteger|\FFI\CData $factor): float|\Pnlx\Helpers\Double
    {
        return $GLOBALS['runtime_afd48edc8ebb6044ac204b321679e7d05a321b511df2be292ee963592757625f']->{'demo_scale'}(...func_get_args());
    }
}
